Solution:
Completion time: 7.000000
Task 1 starts on machine 1 at time 3.000000
Task 1 starts on machine 2 at time 6.000000
Task 1 starts on machine 3 at time 0.000000
Task 2 starts on machine 1 at time 5.000000
Task 2 starts on machine 2 at time 0.000000
Task 2 starts on machine 3 at time 3.000000
Task 3 starts on machine 1 at time 6.000000
Task 3 starts on machine 2 at time 4.000000
Task 3 starts on machine 3 at time 2.000000
